
> @weiz-nav/web@1.0.0 build /Users/weiz/workspace/tools/weiz-nav/apps/web
> pnpm clean && pnpm update-version && next build


> @weiz-nav/web@1.0.0 clean /Users/weiz/workspace/tools/weiz-nav/apps/web
> rm -rf .next out node_modules/.cache


> @weiz-nav/web@1.0.0 update-version /Users/weiz/workspace/tools/weiz-nav/apps/web
> node ../../scripts/sync-version.js

Updated apps/web/package.json -> 1.0.0
Updated apps/extension/package.json -> 1.0.0
Updated packages/core/package.json -> 1.0.0
Updated packages/services/package.json -> 1.0.0
Updated packages/store/package.json -> 1.0.0
Updated apps/extension/public/manifest.json -> 1.0.0
Generated apps/web/public/sw.js -> v1_0_0
▲ Next.js 16.2.6 (Turbopack)
- Environments: .env.local, .env.production
- Experiments (use with caution):
  · optimizePackageImports

  Creating an optimized production build ...

> Build error occurred
Error: Turbopack build failed with 14 errors:
./apps/web/app/Providers.tsx:11:1
Module not found: Can't resolve '@weiz-nav/ui/src/components/MessageProvider'
  [90m 9 |[0m ...[36mrt[0m store, { initializeStore } [36mfrom[0m [32m'@weiz-nav/store'[0m;
  [90m10 |[0m ...[36mrt[0m { storageService } [36mfrom[0m [32m'@weiz-nav/services/storage'[0m;
[31m[1m>[0m [90m11 |[0m ...[36mrt[0m [33mMessageProvider[0m [36mfrom[0m [32m'@weiz-nav/ui/src/components/MessageProvider'[0m;
  [90m   |[0m    [31m[1m^^^^^^^^^^^^^^^^^^^^^^^^^^^^^^^^^^^^^^^^^^^^^^^^^^^^^^^^^^^^^^^^^^^^^^[0m
  [90m12 |[0m ...
  [90m13 |[0m ...
  [90m14 |[0m ...[33mnt[0m [33mDesign[0m 主题配置组件



Import trace:
  Server Component:
    ./apps/web/app/Providers.tsx
    ./apps/web/app/layout.tsx

https://nextjs.org/docs/messages/module-not-found


./apps/web/app/page.tsx:18:1
Module not found: Can't resolve '@weiz-nav/ui/src/components/common/InstallPrompt'
  [90m16 |[0m ...[36mt[0m { [33mEditLinkModal[0m } [36mfrom[0m [32m'@weiz-nav/ui/src/components/modals/EditLi...[0m
  [90m17 |[0m ...[36mt[0m { [33mConfirmModal[0m } [36mfrom[0m [32m'@weiz-nav/ui/src/components/modals/Confirm...[0m
[31m[1m>[0m [90m18 |[0m ...[36mt[0m [33mInstallPrompt[0m [36mfrom[0m [32m'@weiz-nav/ui/src/components/common/InstallPro...[0m
  [90m   |[0m    [31m[1m^^^^^^^^^^^^^^^^^^^^^^^^^^^^^^^^^^^^^^^^^^^^^^^^^^^^^^^^^^^^^^^^^^^^^^[0m
  [90m19 |[0m ...[36mt[0m { [33mLink[0m } [36mfrom[0m [32m'@weiz-nav/core/link'[0m;
  [90m20 |[0m ...
  [90m21 |[0m ...



Import traces:
  Client Component Browser:
    ./apps/web/app/page.tsx [Client Component Browser]
    ./apps/web/app/page.tsx [Server Component]

  Client Component SSR:
    ./apps/web/app/page.tsx [Client Component SSR]
    ./apps/web/app/page.tsx [Server Component]

https://nextjs.org/docs/messages/module-not-found


./apps/web/app/page.tsx:12:1
Module not found: Can't resolve '@weiz-nav/ui/src/components/layout/Header'
  [90m10 |[0m [36mimport[0m { defaultLinks } [36mfrom[0m [32m'@weiz-nav/core/default-data'[0m;
  [90m11 |[0m [36mimport[0m { showSuccess, showError } [36mfrom[0m [32m'@/utils/feedback'[0m;
[31m[1m>[0m [90m12 |[0m [36mimport[0m [33mHeader[0m [36mfrom[0m [32m'@weiz-nav/ui/src/components/layout/Header'[0m;
  [90m   |[0m [31m[1m^^^^^^^^^^^^^^^^^^^^^^^^^^^^^^^^^^^^^^^^^^^^^^^^^^^^^^^^^^^^^^^[0m
  [90m13 |[0m [36mimport[0m { [33mCategorySidebar[0m } [36mfrom[0m [32m'@weiz-nav/ui/src/components/navigatio...[0m
  [90m14 |[0m [36mimport[0m { [33mLinkGrid[0m } [36mfrom[0m [32m'@weiz-nav/ui/src/components/navigation/LinkG...[0m
  [90m15 |[0m [36mimport[0m { [33mLinkGridSkeleton[0m } [36mfrom[0m [32m'@weiz-nav/ui/src/components/navigati...[0m



Import traces:
  Client Component Browser:
    ./apps/web/app/page.tsx [Client Component Browser]
    ./apps/web/app/page.tsx [Server Component]

  Client Component SSR:
    ./apps/web/app/page.tsx [Client Component SSR]
    ./apps/web/app/page.tsx [Server Component]

https://nextjs.org/docs/messages/module-not-found


./apps/web/app/manage/page.tsx:22:1
Module not found: Can't resolve '@weiz-nav/ui/src/components/management/DataTable'
  [90m20 |[0m ...eteCategory,
  [90m21 |[0m ...[36mm[0m [32m'@weiz-nav/store/slices/categoriesSlice'[0m;
[31m[1m>[0m [90m22 |[0m ...[36mt[0m { [33mDataTable[0m } [36mfrom[0m [32m'@weiz-nav/ui/src/components/management/DataTa...[0m
  [90m   |[0m    [31m[1m^^^^^^^^^^^^^^^^^^^^^^^^^^^^^^^^^^^^^^^^^^^^^^^^^^^^^^^^^^^^^^^^^^^^^^[0m
  [90m23 |[0m ...[36mt[0m { [33mEditLinkModal[0m } [36mfrom[0m [32m'@weiz-nav/ui/src/components/modals/EditLi...[0m
  [90m24 |[0m ...[36mt[0m { [33mEditCategoryModal[0m } [36mfrom[0m [32m'@weiz-nav/ui/src/components/modals/Ed...[0m
  [90m25 |[0m ...[36mt[0m { [33mImportExport[0m } [36mfrom[0m [32m'@weiz-nav/ui/src/components/management/Imp...[0m



Import traces:
  Client Component Browser:
    ./apps/web/app/manage/page.tsx [Client Component Browser]
    ./apps/web/app/manage/page.tsx [Server Component]

  Client Component SSR:
    ./apps/web/app/manage/page.tsx [Client Component SSR]
    ./apps/web/app/manage/page.tsx [Server Component]

https://nextjs.org/docs/messages/module-not-found


./apps/web/app/manage/page.tsx:25:1
Module not found: Can't resolve '@weiz-nav/ui/src/components/management/ImportExport'
  [90m23 |[0m ... [33mEditLinkModal[0m } [36mfrom[0m [32m'@weiz-nav/ui/src/components/modals/EditLinkM...[0m
  [90m24 |[0m ... [33mEditCategoryModal[0m } [36mfrom[0m [32m'@weiz-nav/ui/src/components/modals/EditC...[0m
[31m[1m>[0m [90m25 |[0m ... [33mImportExport[0m } [36mfrom[0m [32m'@weiz-nav/ui/src/components/management/Import...[0m
  [90m   |[0m    [31m[1m^^^^^^^^^^^^^^^^^^^^^^^^^^^^^^^^^^^^^^^^^^^^^^^^^^^^^^^^^^^^^^^^^^^^^^[0m
  [90m26 |[0m ... [33mResetDataModal[0m } [36mfrom[0m [32m'@weiz-nav/ui/src/components/modals/ResetDat...[0m
  [90m27 |[0m ... [33mBatchCategoryModal[0m } [36mfrom[0m [32m'@weiz-nav/ui/src/components/modals/Batc...[0m
  [90m28 |[0m ... [33mLink[0m } [36mfrom[0m [32m'@weiz-nav/core/link'[0m;



Import traces:
  Client Component Browser:
    ./apps/web/app/manage/page.tsx [Client Component Browser]
    ./apps/web/app/manage/page.tsx [Server Component]

  Client Component SSR:
    ./apps/web/app/manage/page.tsx [Client Component SSR]
    ./apps/web/app/manage/page.tsx [Server Component]

https://nextjs.org/docs/messages/module-not-found


./apps/web/app/manage/page.tsx:27:1
Module not found: Can't resolve '@weiz-nav/ui/src/components/modals/BatchCategoryModal'
  [90m25 |[0m ...[33mortExport[0m } [36mfrom[0m [32m'@weiz-nav/ui/src/components/management/ImportExpo...[0m
  [90m26 |[0m ...[33metDataModal[0m } [36mfrom[0m [32m'@weiz-nav/ui/src/components/modals/ResetDataMod...[0m
[31m[1m>[0m [90m27 |[0m ...[33mchCategoryModal[0m } [36mfrom[0m [32m'@weiz-nav/ui/src/components/modals/BatchCat...[0m
  [90m   |[0m    [31m[1m^^^^^^^^^^^^^^^^^^^^^^^^^^^^^^^^^^^^^^^^^^^^^^^^^^^^^^^^^^^^^^^^^^^^^^[0m
  [90m28 |[0m ...[33mk[0m } [36mfrom[0m [32m'@weiz-nav/core/link'[0m;
  [90m29 |[0m ...[33megory[0m } [36mfrom[0m [32m'@weiz-nav/core/category'[0m;
  [90m30 |[0m ...aultLinks } [36mfrom[0m [32m'@weiz-nav/core/default-data'[0m;



Import traces:
  Client Component Browser:
    ./apps/web/app/manage/page.tsx [Client Component Browser]
    ./apps/web/app/manage/page.tsx [Server Component]

  Client Component SSR:
    ./apps/web/app/manage/page.tsx [Client Component SSR]
    ./apps/web/app/manage/page.tsx [Server Component]

https://nextjs.org/docs/messages/module-not-found


./apps/web/app/page.tsx:17:1
Module not found: Can't resolve '@weiz-nav/ui/src/components/modals/ConfirmModal'
  [90m15 |[0m ... { [33mLinkGridSkeleton[0m } [36mfrom[0m [32m'@weiz-nav/ui/src/components/navigation/...[0m
  [90m16 |[0m ... { [33mEditLinkModal[0m } [36mfrom[0m [32m'@weiz-nav/ui/src/components/modals/EditLin...[0m
[31m[1m>[0m [90m17 |[0m ... { [33mConfirmModal[0m } [36mfrom[0m [32m'@weiz-nav/ui/src/components/modals/ConfirmM...[0m
  [90m   |[0m    [31m[1m^^^^^^^^^^^^^^^^^^^^^^^^^^^^^^^^^^^^^^^^^^^^^^^^^^^^^^^^^^^^^^^^^^^^^^[0m
  [90m18 |[0m ... [33mInstallPrompt[0m [36mfrom[0m [32m'@weiz-nav/ui/src/components/common/InstallProm...[0m
  [90m19 |[0m ... { [33mLink[0m } [36mfrom[0m [32m'@weiz-nav/core/link'[0m;
  [90m20 |[0m ...



Import traces:
  Client Component Browser:
    ./apps/web/app/page.tsx [Client Component Browser]
    ./apps/web/app/page.tsx [Server Component]

  Client Component SSR:
    ./apps/web/app/page.tsx [Client Component SSR]
    ./apps/web/app/page.tsx [Server Component]

https://nextjs.org/docs/messages/module-not-found


./apps/web/app/manage/page.tsx:24:1
Module not found: Can't resolve '@weiz-nav/ui/src/components/modals/EditCategoryModal'
  [90m22 |[0m ...[33mtaTable[0m } [36mfrom[0m [32m'@weiz-nav/ui/src/components/management/DataTable'[0m;
  [90m23 |[0m ...[33mitLinkModal[0m } [36mfrom[0m [32m'@weiz-nav/ui/src/components/modals/EditLinkModal'[0m;
[31m[1m>[0m [90m24 |[0m ...[33mitCategoryModal[0m } [36mfrom[0m [32m'@weiz-nav/ui/src/components/modals/EditCate...[0m
  [90m   |[0m    [31m[1m^^^^^^^^^^^^^^^^^^^^^^^^^^^^^^^^^^^^^^^^^^^^^^^^^^^^^^^^^^^^^^^^^^^^^^[0m
  [90m25 |[0m ...[33mportExport[0m } [36mfrom[0m [32m'@weiz-nav/ui/src/components/management/ImportExp...[0m
  [90m26 |[0m ...[33msetDataModal[0m } [36mfrom[0m [32m'@weiz-nav/ui/src/components/modals/ResetDataMo...[0m
  [90m27 |[0m ...[33mtchCategoryModal[0m } [36mfrom[0m [32m'@weiz-nav/ui/src/components/modals/BatchCa...[0m



Import traces:
  Client Component Browser:
    ./apps/web/app/manage/page.tsx [Client Component Browser]
    ./apps/web/app/manage/page.tsx [Server Component]

  Client Component SSR:
    ./apps/web/app/manage/page.tsx [Client Component SSR]
    ./apps/web/app/manage/page.tsx [Server Component]

https://nextjs.org/docs/messages/module-not-found


./apps/web/app/manage/page.tsx:23:1
Module not found: Can't resolve '@weiz-nav/ui/src/components/modals/EditLinkModal'
  [90m21 |[0m ...[32m'@weiz-nav/store/slices/categoriesSlice'[0m;
  [90m22 |[0m ...{ [33mDataTable[0m } [36mfrom[0m [32m'@weiz-nav/ui/src/components/management/DataTable'[0m;
[31m[1m>[0m [90m23 |[0m ...{ [33mEditLinkModal[0m } [36mfrom[0m [32m'@weiz-nav/ui/src/components/modals/EditLink...[0m
  [90m   |[0m    [31m[1m^^^^^^^^^^^^^^^^^^^^^^^^^^^^^^^^^^^^^^^^^^^^^^^^^^^^^^^^^^^^^^^^^^^^^^[0m
  [90m24 |[0m ...{ [33mEditCategoryModal[0m } [36mfrom[0m [32m'@weiz-nav/ui/src/components/modals/Edit...[0m
  [90m25 |[0m ...{ [33mImportExport[0m } [36mfrom[0m [32m'@weiz-nav/ui/src/components/management/Impor...[0m
  [90m26 |[0m ...{ [33mResetDataModal[0m } [36mfrom[0m [32m'@weiz-nav/ui/src/components/modals/ResetDa...[0m



Import traces:
  Client Component Browser:
    ./apps/web/app/manage/page.tsx [Client Component Browser]
    ./apps/web/app/manage/page.tsx [Server Component]

  Client Component SSR:
    ./apps/web/app/manage/page.tsx [Client Component SSR]
    ./apps/web/app/manage/page.tsx [Server Component]

https://nextjs.org/docs/messages/module-not-found


./apps/web/app/page.tsx:16:1
Module not found: Can't resolve '@weiz-nav/ui/src/components/modals/EditLinkModal'
  [90m14 |[0m ...{ [33mLinkGrid[0m } [36mfrom[0m [32m'@weiz-nav/ui/src/components/navigation/LinkGrid'[0m;
  [90m15 |[0m ...{ [33mLinkGridSkeleton[0m } [36mfrom[0m [32m'@weiz-nav/ui/src/components/navigation/L...[0m
[31m[1m>[0m [90m16 |[0m ...{ [33mEditLinkModal[0m } [36mfrom[0m [32m'@weiz-nav/ui/src/components/modals/EditLink...[0m
  [90m   |[0m    [31m[1m^^^^^^^^^^^^^^^^^^^^^^^^^^^^^^^^^^^^^^^^^^^^^^^^^^^^^^^^^^^^^^^^^^^^^^[0m
  [90m17 |[0m ...{ [33mConfirmModal[0m } [36mfrom[0m [32m'@weiz-nav/ui/src/components/modals/ConfirmMo...[0m
  [90m18 |[0m ...[33mInstallPrompt[0m [36mfrom[0m [32m'@weiz-nav/ui/src/components/common/InstallPrompt'[0m;
  [90m19 |[0m ...{ [33mLink[0m } [36mfrom[0m [32m'@weiz-nav/core/link'[0m;



Import traces:
  Client Component Browser:
    ./apps/web/app/page.tsx [Client Component Browser]
    ./apps/web/app/page.tsx [Server Component]

  Client Component SSR:
    ./apps/web/app/page.tsx [Client Component SSR]
    ./apps/web/app/page.tsx [Server Component]

https://nextjs.org/docs/messages/module-not-found


./apps/web/app/manage/page.tsx:26:1
Module not found: Can't resolve '@weiz-nav/ui/src/components/modals/ResetDataModal'
  [90m24 |[0m ... [33mEditCategoryModal[0m } [36mfrom[0m [32m'@weiz-nav/ui/src/components/modals/EditC...[0m
  [90m25 |[0m ... [33mImportExport[0m } [36mfrom[0m [32m'@weiz-nav/ui/src/components/management/Import...[0m
[31m[1m>[0m [90m26 |[0m ... [33mResetDataModal[0m } [36mfrom[0m [32m'@weiz-nav/ui/src/components/modals/ResetDat...[0m
  [90m   |[0m    [31m[1m^^^^^^^^^^^^^^^^^^^^^^^^^^^^^^^^^^^^^^^^^^^^^^^^^^^^^^^^^^^^^^^^^^^^^^[0m
  [90m27 |[0m ... [33mBatchCategoryModal[0m } [36mfrom[0m [32m'@weiz-nav/ui/src/components/modals/Batc...[0m
  [90m28 |[0m ... [33mLink[0m } [36mfrom[0m [32m'@weiz-nav/core/link'[0m;
  [90m29 |[0m ... [33mCategory[0m } [36mfrom[0m [32m'@weiz-nav/core/category'[0m;



Import traces:
  Client Component Browser:
    ./apps/web/app/manage/page.tsx [Client Component Browser]
    ./apps/web/app/manage/page.tsx [Server Component]

  Client Component SSR:
    ./apps/web/app/manage/page.tsx [Client Component SSR]
    ./apps/web/app/manage/page.tsx [Server Component]

https://nextjs.org/docs/messages/module-not-found


./apps/web/app/page.tsx:13:1
Module not found: Can't resolve '@weiz-nav/ui/src/components/navigation/CategorySidebar'
  [90m11 |[0m ...owSuccess, showError } [36mfrom[0m [32m'@/utils/feedback'[0m;
  [90m12 |[0m ...[33mer[0m [36mfrom[0m [32m'@weiz-nav/ui/src/components/layout/Header'[0m;
[31m[1m>[0m [90m13 |[0m ...[33mtegorySidebar[0m } [36mfrom[0m [32m'@weiz-nav/ui/src/components/navigation/Catego...[0m
  [90m   |[0m    [31m[1m^^^^^^^^^^^^^^^^^^^^^^^^^^^^^^^^^^^^^^^^^^^^^^^^^^^^^^^^^^^^^^^^^^^^^^[0m
  [90m14 |[0m ...[33mnkGrid[0m } [36mfrom[0m [32m'@weiz-nav/ui/src/components/navigation/LinkGrid'[0m;
  [90m15 |[0m ...[33mnkGridSkeleton[0m } [36mfrom[0m [32m'@weiz-nav/ui/src/components/navigation/LinkG...[0m
  [90m16 |[0m ...[33mitLinkModal[0m } [36mfrom[0m [32m'@weiz-nav/ui/src/components/modals/EditLinkModal'[0m;



Import traces:
  Client Component Browser:
    ./apps/web/app/page.tsx [Client Component Browser]
    ./apps/web/app/page.tsx [Server Component]

  Client Component SSR:
    ./apps/web/app/page.tsx [Client Component SSR]
    ./apps/web/app/page.tsx [Server Component]

https://nextjs.org/docs/messages/module-not-found


./apps/web/app/page.tsx:14:1
Module not found: Can't resolve '@weiz-nav/ui/src/components/navigation/LinkGrid'
  [90m12 |[0m ...[36mrt[0m [33mHeader[0m [36mfrom[0m [32m'@weiz-nav/ui/src/components/layout/Header'[0m;
  [90m13 |[0m ...[36mrt[0m { [33mCategorySidebar[0m } [36mfrom[0m [32m'@weiz-nav/ui/src/components/navigation...[0m
[31m[1m>[0m [90m14 |[0m ...[36mrt[0m { [33mLinkGrid[0m } [36mfrom[0m [32m'@weiz-nav/ui/src/components/navigation/LinkGr...[0m
  [90m   |[0m    [31m[1m^^^^^^^^^^^^^^^^^^^^^^^^^^^^^^^^^^^^^^^^^^^^^^^^^^^^^^^^^^^^^^^^^^^^^^[0m
  [90m15 |[0m ...[36mrt[0m { [33mLinkGridSkeleton[0m } [36mfrom[0m [32m'@weiz-nav/ui/src/components/navigatio...[0m
  [90m16 |[0m ...[36mrt[0m { [33mEditLinkModal[0m } [36mfrom[0m [32m'@weiz-nav/ui/src/components/modals/EditL...[0m
  [90m17 |[0m ...[36mrt[0m { [33mConfirmModal[0m } [36mfrom[0m [32m'@weiz-nav/ui/src/components/modals/Confir...[0m



Import traces:
  Client Component Browser:
    ./apps/web/app/page.tsx [Client Component Browser]
    ./apps/web/app/page.tsx [Server Component]

  Client Component SSR:
    ./apps/web/app/page.tsx [Client Component SSR]
    ./apps/web/app/page.tsx [Server Component]

https://nextjs.org/docs/messages/module-not-found


./apps/web/app/page.tsx:15:1
Module not found: Can't resolve '@weiz-nav/ui/src/components/navigation/LinkGridSkeleton'
  [90m13 |[0m ...[33megorySidebar[0m } [36mfrom[0m [32m'@weiz-nav/ui/src/components/navigation/Categor...[0m
  [90m14 |[0m ...[33mkGrid[0m } [36mfrom[0m [32m'@weiz-nav/ui/src/components/navigation/LinkGrid'[0m;
[31m[1m>[0m [90m15 |[0m ...[33mkGridSkeleton[0m } [36mfrom[0m [32m'@weiz-nav/ui/src/components/navigation/LinkGr...[0m
  [90m   |[0m    [31m[1m^^^^^^^^^^^^^^^^^^^^^^^^^^^^^^^^^^^^^^^^^^^^^^^^^^^^^^^^^^^^^^^^^^^^^^[0m
  [90m16 |[0m ...[33mtLinkModal[0m } [36mfrom[0m [32m'@weiz-nav/ui/src/components/modals/EditLinkModal'[0m;
  [90m17 |[0m ...[33mfirmModal[0m } [36mfrom[0m [32m'@weiz-nav/ui/src/components/modals/ConfirmModal'[0m;
  [90m18 |[0m ...[33mllPrompt[0m [36mfrom[0m [32m'@weiz-nav/ui/src/components/common/InstallPrompt'[0m;



Import traces:
  Client Component Browser:
    ./apps/web/app/page.tsx [Client Component Browser]
    ./apps/web/app/page.tsx [Server Component]

  Client Component SSR:
    ./apps/web/app/page.tsx [Client Component SSR]
    ./apps/web/app/page.tsx [Server Component]

https://nextjs.org/docs/messages/module-not-found


    at <unknown> (./apps/web/app/Providers.tsx:11:1)
    at <unknown> (https://nextjs.org/docs/messages/module-not-found)
    at <unknown> (./apps/web/app/page.tsx:18:1)
    at <unknown> (https://nextjs.org/docs/messages/module-not-found)
    at <unknown> (./apps/web/app/page.tsx:12:1)
    at <unknown> (https://nextjs.org/docs/messages/module-not-found)
    at <unknown> (./apps/web/app/manage/page.tsx:22:1)
    at <unknown> (https://nextjs.org/docs/messages/module-not-found)
    at <unknown> (./apps/web/app/manage/page.tsx:25:1)
    at <unknown> (https://nextjs.org/docs/messages/module-not-found)
    at <unknown> (./apps/web/app/manage/page.tsx:27:1)
    at <unknown> (https://nextjs.org/docs/messages/module-not-found)
    at <unknown> (./apps/web/app/page.tsx:17:1)
    at <unknown> (https://nextjs.org/docs/messages/module-not-found)
    at <unknown> (./apps/web/app/manage/page.tsx:24:1)
    at <unknown> (https://nextjs.org/docs/messages/module-not-found)
    at <unknown> (./apps/web/app/manage/page.tsx:23:1)
    at <unknown> (https://nextjs.org/docs/messages/module-not-found)
    at <unknown> (./apps/web/app/page.tsx:16:1)
    at <unknown> (https://nextjs.org/docs/messages/module-not-found)
    at <unknown> (./apps/web/app/manage/page.tsx:26:1)
    at <unknown> (https://nextjs.org/docs/messages/module-not-found)
    at <unknown> (./apps/web/app/page.tsx:13:1)
    at <unknown> (https://nextjs.org/docs/messages/module-not-found)
    at <unknown> (./apps/web/app/page.tsx:14:1)
    at <unknown> (https://nextjs.org/docs/messages/module-not-found)
    at <unknown> (./apps/web/app/page.tsx:15:1)
    at <unknown> (https://nextjs.org/docs/messages/module-not-found)
 ELIFECYCLE  Command failed with exit code 1.
