
> @weiz-nav/extension@1.0.0 build /Users/weiz/workspace/tools/weiz-nav/apps/extension
> tsc --noEmit && vite build

▲ [WARNING] Duplicate key "resolveJsonModule" in object literal [duplicate-object-key]

    tsconfig.json:18:4:
      18 │     "resolveJsonModule": true,
         ╵     ~~~~~~~~~~~~~~~~~~~

  The original key "resolveJsonModule" is here:

    tsconfig.json:14:4:
      14 │     "resolveJsonModule": true,
         ╵     ~~~~~~~~~~~~~~~~~~~

vite v7.3.3 building client environment for production...
transforming...
✓ 71 modules transformed.
✗ Build failed in 198ms
error during build:
[vite:esbuild] failed to resolve "extends":"../../packages/typescript-config/base.json" in /Users/weiz/workspace/tools/weiz-nav/packages/ui/tsconfig.json
file: /Users/weiz/workspace/tools/weiz-nav/packages/ui/src/utils/feedback.ts
    at resolveExtends (file:///Users/weiz/workspace/tools/weiz-nav/node_modules/.pnpm/vite@7.3.3_@types+node@22.19.0_jiti@2.6.1_lightningcss@1.32.0_terser@5.16.9_yaml@2.9.0/node_modules/vite/dist/node/chunks/config.js:5809:8)
    at parseExtends (file:///Users/weiz/workspace/tools/weiz-nav/node_modules/.pnpm/vite@7.3.3_@types+node@22.19.0_jiti@2.6.1_lightningcss@1.32.0_terser@5.16.9_yaml@2.9.0/node_modules/vite/dist/node/chunks/config.js:5775:71)
    at parse$13 (file:///Users/weiz/workspace/tools/weiz-nav/node_modules/.pnpm/vite@7.3.3_@types+node@22.19.0_jiti@2.6.1_lightningcss@1.32.0_terser@5.16.9_yaml@2.9.0/node_modules/vite/dist/node/chunks/config.js:5677:23)
    at async loadTsconfigJsonForFile (file:///Users/weiz/workspace/tools/weiz-nav/node_modules/.pnpm/vite@7.3.3_@types+node@22.19.0_jiti@2.6.1_lightningcss@1.32.0_terser@5.16.9_yaml@2.9.0/node_modules/vite/dist/node/chunks/config.js:6302:37)
    at async transformWithEsbuild (file:///Users/weiz/workspace/tools/weiz-nav/node_modules/.pnpm/vite@7.3.3_@types+node@22.19.0_jiti@2.6.1_lightningcss@1.32.0_terser@5.16.9_yaml@2.9.0/node_modules/vite/dist/node/chunks/config.js:6086:55)
    at async Object.transform (file:///Users/weiz/workspace/tools/weiz-nav/node_modules/.pnpm/vite@7.3.3_@types+node@22.19.0_jiti@2.6.1_lightningcss@1.32.0_terser@5.16.9_yaml@2.9.0/node_modules/vite/dist/node/chunks/config.js:6172:20)
    at async transform (file:///Users/weiz/workspace/tools/weiz-nav/node_modules/.pnpm/rollup@4.60.4/node_modules/rollup/dist/es/shared/node-entry.js:21678:16)
    at async ModuleLoader.addModuleSource (file:///Users/weiz/workspace/tools/weiz-nav/node_modules/.pnpm/rollup@4.60.4/node_modules/rollup/dist/es/shared/node-entry.js:21906:36)
 ELIFECYCLE  Command failed with exit code 1.
